[INFO] Scanning for projects...
[INFO] 
[INFO] ----------------------< org.example:stockmarket >-----------------------
[INFO] Building stockmarket 1.0-SNAPSHOT
[INFO]   from pom.xml
[INFO] --------------------------------[ jar ]---------------------------------
[INFO] 
[INFO] >>> spring-boot:3.2.5:run (default-cli) > test-compile @ stockmarket >>>
[INFO] 
[INFO] --- jacoco:0.8.11:prepare-agent (default) @ stockmarket ---
[INFO] argLine set to -javaagent:/Users/sibanandasahoo/.m2/repository/org/jacoco/org.jacoco.agent/0.8.11/org.jacoco.agent-0.8.11-runtime.jar=destfile=/Users/sibanandasahoo/Documents/projects/stockmarket/target/jacoco.exec
[INFO] 
[INFO] --- resources:3.3.1:resources (default-resources) @ stockmarket ---
[INFO] Copying 2 resources from src/main/resources to target/classes
[INFO] Copying 40 resources from src/main/resources to target/classes
[INFO] 
[INFO] --- compiler:3.11.0:compile (default-compile) @ stockmarket ---
[INFO] Nothing to compile - all classes are up to date
[INFO] 
[INFO] --- resources:3.3.1:testResources (default-testResources) @ stockmarket ---
[INFO] Not copying test resources
[INFO] 
[INFO] --- compiler:3.11.0:testCompile (default-testCompile) @ stockmarket ---
[INFO] Not compiling test sources
[INFO] 
[INFO] <<< spring-boot:3.2.5:run (default-cli) < test-compile @ stockmarket <<<
[INFO] 
[INFO] 
[INFO] --- spring-boot:3.2.5:run (default-cli) @ stockmarket ---
[INFO] Attaching agents: []

  .   ____          _            __ _ _
 /\\ / ___'_ __ _ _(_)_ __  __ _ \ \ \ \
( ( )\___ | '_ | '_| | '_ \/ _` | \ \ \ \
 \\/  ___)| |_)| | | | | || (_| |  ) ) ) )
  '  |____| .__|_| |_|_| |_\__, | / / / /
 =========|_|==============|___/=/_/_/_/
 :: Spring Boot ::                (v3.2.5)

